******************************************************************************
                  TI ARM Linker PC v20.2.7                     
******************************************************************************
>> Linked Wed Jun  4 23:23:41 2025

OUTPUT FILE NAME:   <Week8.out>
ENTRY POINT SYMBOL: "_c_int00_noargs"  address: 00000b19


MEMORY CONFIGURATION

         name            origin    length      used     unused   attr    fill
----------------------  --------  ---------  --------  --------  ----  --------
  MAIN                  00000000   00040000  00000bec  0003f414  R  X
  INFO                  00200000   00004000  00000000  00004000  R  X
  SRAM_CODE             01000000   00010000  00000220  0000fde0  RW X
  SRAM_DATA             20000000   00010000  00000220  0000fde0  RW  


SEGMENT ALLOCATION MAP

run origin  load origin   length   init length attrs members
----------  ----------- ---------- ----------- ----- -------
00000000    00000000    00000bf0   00000bf0    r-x
  00000000    00000000    000000e4   000000e4    r-- .intvecs
  000000e4    000000e4    00000ad0   00000ad0    r-x .text
  00000bb8    00000bb8    00000038   00000038    r-- .cinit
20000000    20000000    00000020   00000000    rw-
  20000000    20000000    0000001c   00000000    rw- .data
  2000001c    2000001c    00000004   00000000    rw- .bss
2000fe00    2000fe00    00000200   00000000    rw-
  2000fe00    2000fe00    00000200   00000000    rw- .stack


SECTION ALLOCATION MAP

 output                                  attributes/
section   page    origin      length       input sections
--------  ----  ----------  ----------   ----------------
.intvecs   0    00000000    000000e4     
                  00000000    000000e4     startup_msp432p401r_ccs.obj (.intvecs:retain)

.text      0    000000e4    00000ad0     
                  000000e4    00000334     system_msp432p401r.obj (.text)
                  00000418    000001e0     Clock.obj (.text)
                  000005f8    00000198     Motor.obj (.text)
                  00000790    00000140     Timer.obj (.text)
                  000008d0    0000009c     IR.obj (.text)
                  0000096c    0000009c     rtsv7M4_T_le_v4SPD16_eabi.lib : memcpy_t2.asm.obj (.text)
                  00000a08    00000068                                   : copy_decompress_lzss.c.obj (.text:decompress:lzss:__TI_decompress_lzss)
                  00000a70    00000064     Led.obj (.text)
                  00000ad4    00000044     rtsv7M4_T_le_v4SPD16_eabi.lib : autoinit.c.obj (.text:__TI_auto_init_nobinit_nopinit:__TI_auto_init_nobinit_nopinit)
                  00000b18    00000034                                   : boot_cortex_m.c.obj (.text:_c_int00_noargs:_c_int00_noargs)
                  00000b4c    00000028     main.obj (.text)
                  00000b74    0000001c     rtsv7M4_T_le_v4SPD16_eabi.lib : copy_zero_init.c.obj (.text:decompress:ZI:__TI_zero_init_nomemset:__TI_zero_init_nomemset)
                  00000b90    0000000e                                   : copy_decompress_none.c.obj (.text:decompress:none:__TI_decompress_none)
                  00000b9e    0000000e     startup_msp432p401r_ccs.obj (.text)
                  00000bac    00000004     rtsv7M4_T_le_v4SPD16_eabi.lib : pre_init.c.obj (.text:_system_pre_init)
                  00000bb0    00000004                                   : exit.c.obj (.text:abort:abort)

.cinit     0    00000bb8    00000038     
                  00000bb8    0000000d     (.cinit..data.load) [load image, compression = lzss]
                  00000bc5    00000003     --HOLE-- [fill = 0]
                  00000bc8    0000000c     (__TI_handler_table)
                  00000bd4    00000004     --HOLE-- [fill = 0]
                  00000bd8    00000008     (.cinit..bss.load) [load image, compression = zero_init]
                  00000be0    00000010     (__TI_cinit_table)

.init_array 
*          0    00000000    00000000     UNINITIALIZED

.binit     0    00000000    00000000     

.data      0    20000000    0000001c     UNINITIALIZED
                  20000000    00000018     Clock.obj (.data)
                  20000018    00000004     system_msp432p401r.obj (.data)

.bss       0    2000001c    00000004     UNINITIALIZED
                  2000001c    00000004     (.common:TimerA2Task)

.stack     0    2000fe00    00000200     UNINITIALIZED
                  2000fe00    00000004     rtsv7M4_T_le_v4SPD16_eabi.lib : boot_cortex_m.c.obj (.stack)
                  2000fe04    000001fc     --HOLE--

__llvm_prf_cnts 
*          0    20000000    00000000     UNINITIALIZED

MODULE SUMMARY

       Module                        code   ro data   rw data
       ------                        ----   -------   -------
    .\
       system_msp432p401r.obj        820    0         8      
       startup_msp432p401r_ccs.obj   14     228       0      
       main.obj                      40     0         8      
    +--+-----------------------------+------+---------+---------+
       Total:                        874    228       16     
                                                             
    .\Helpers\
       Clock.obj                     480    0         48     
       Motor.obj                     408    0         0      
       Timer.obj                     320    0         0      
       IR.obj                        156    0         0      
       Led.obj                       100    0         0      
    +--+-----------------------------+------+---------+---------+
       Total:                        1464   0         48     
                                                             
    C:\ti\ccs1270\ccs\tools\compiler\ti-cgt-arm_20.2.7.LTS\lib\rtsv7M4_T_le_v4SPD16_eabi.lib
       memcpy_t2.asm.obj             156    0         0      
       copy_decompress_lzss.c.obj    104    0         0      
       autoinit.c.obj                68     0         0      
       boot_cortex_m.c.obj           52     0         0      
       copy_zero_init.c.obj          28     0         0      
       copy_decompress_none.c.obj    14     0         0      
       exit.c.obj                    4      0         0      
       pre_init.c.obj                4      0         0      
    +--+-----------------------------+------+---------+---------+
       Total:                        430    0         0      
                                                             
       Stack:                        0      0         1024   
       Linker Generated:             0      49        0      
    +--+-----------------------------+------+---------+---------+
       Grand Total:                  2768   277       1088   


LINKER GENERATED COPY TABLES

__TI_cinit_table @ 00000be0 records: 2, size/record: 8, table size: 16
	.data: load addr=00000bb8, load size=0000000d bytes, run addr=20000000, run size=0000001c bytes, compression=lzss
	.bss: load addr=00000bd8, load size=00000008 bytes, run addr=2000001c, run size=00000004 bytes, compression=zero_init


LINKER GENERATED HANDLER TABLE

__TI_handler_table @ 00000bc8 records: 3, size/record: 4, table size: 12
	index: 0, handler: __TI_decompress_lzss
	index: 1, handler: __TI_decompress_none
	index: 2, handler: __TI_zero_init


GLOBAL SYMBOLS: SORTED ALPHABETICALLY BY Name 

address   name                          
-------   ----                          
00000bab  ADC14_IRQHandler              
00000bab  AES256_IRQHandler             
00000bab  BusFault_Handler              
00000bb1  C$$EXIT                       
00000bab  COMP_E0_IRQHandler            
00000bab  COMP_E1_IRQHandler            
20000008  CPMwait                       
00000bab  CS_IRQHandler                 
20000000  ClockFrequency                
0000056d  Clock_Delay1ms                
00000543  Clock_Delay1us                
0000052f  Clock_GetFreq                 
00000419  Clock_Init48MHz               
20000014  Crystalstable                 
00000bab  DMA_ERR_IRQHandler            
00000bab  DMA_INT0_IRQHandler           
00000bab  DMA_INT1_IRQHandler           
00000bab  DMA_INT2_IRQHandler           
00000bab  DMA_INT3_IRQHandler           
00000bab  DebugMon_Handler              
00000bab  Default_Handler               
00000bab  EUSCIA0_IRQHandler            
00000bab  EUSCIA1_IRQHandler            
00000bab  EUSCIA2_IRQHandler            
00000bab  EUSCIA3_IRQHandler            
00000bab  EUSCIB0_IRQHandler            
00000bab  EUSCIB1_IRQHandler            
00000bab  EUSCIB2_IRQHandler            
00000bab  EUSCIB3_IRQHandler            
00000bab  FLCTL_IRQHandler              
00000bab  FPU_IRQHandler                
00000bab  HardFault_Handler             
20000010  IFlags                        
000008d1  IR_Init                       
00000a71  Led_Init                      
000006b3  Left_Backward                 
000006a7  Left_Forward                  
00000bab  MemManage_Handler             
000005f9  Motor_Init                    
00000681  Move                          
000006f7  Move_Backward                 
000006d7  Move_Forward                  
00000bab  NMI_Handler                   
00000bab  PCM_IRQHandler                
00000bab  PORT1_IRQHandler              
00000bab  PORT2_IRQHandler              
00000bab  PORT3_IRQHandler              
00000bab  PORT4_IRQHandler              
00000bab  PORT5_IRQHandler              
00000bab  PORT6_IRQHandler              
00000bab  PSS_IRQHandler                
000007f9  PWM_Duty3                     
0000080d  PWM_Duty4                     
00000821  PWM_Init34                    
00000bab  PendSV_Handler                
2000000c  Postwait                      
20000004  Prewait                       
00000bab  RTC_C_IRQHandler              
00000b9f  Reset_Handler                 
000006cb  Right_Backward                
000006bf  Right_Forward                 
00000717  Rotate_Left                   
0000073b  Rotate_Right                  
00000bab  SVC_Handler                   
00000bab  SysTick_Handler               
20000018  SystemCoreClock               
000000e5  SystemCoreClockUpdate         
0000035d  SystemInit                    
00000bab  T32_INT1_IRQHandler           
00000bab  T32_INT2_IRQHandler           
00000bab  T32_INTC_IRQHandler           
00000bab  TA0_0_IRQHandler              
00000bab  TA0_N_IRQHandler              
00000bab  TA1_0_IRQHandler              
00000bab  TA1_N_IRQHandler              
000007e5  TA2_0_IRQHandler              
000007e5  TA2_0_IRQHandler              
00000bab  TA2_N_IRQHandler              
00000bab  TA3_0_IRQHandler              
00000bab  TA3_N_IRQHandler              
2000001c  TimerA2Task                   
00000791  TimerA2_Init                  
00000ab9  TurnOff_Led                   
00000a9b  TurnOn_Led                    
00000bab  UsageFault_Handler            
4000480c  WDTCTL_SYM                    
00000bab  WDT_A_IRQHandler              
20010000  __STACK_END                   
00000200  __STACK_SIZE                  
00000be0  __TI_CINIT_Base               
00000bf0  __TI_CINIT_Limit              
00000bc8  __TI_Handler_Table_Base       
00000bd4  __TI_Handler_Table_Limit      
00000ad5  __TI_auto_init_nobinit_nopinit
00000a09  __TI_decompress_lzss          
00000b91  __TI_decompress_none          
ffffffff  __TI_pprof_out_hndl           
ffffffff  __TI_prof_data_size           
ffffffff  __TI_prof_data_start          
00000000  __TI_static_base__            
00000b75  __TI_zero_init_nomemset       
0000096d  __aeabi_memcpy                
0000096d  __aeabi_memcpy4               
0000096d  __aeabi_memcpy8               
ffffffff  __binit__                     
ffffffff  __c_args__                    
UNDEFED   __mpu_init                    
2000fe00  __stack                       
20000000  __start___llvm_prf_cnts       
20000000  __stop___llvm_prf_cnts        
00000b19  _c_int00_noargs               
UNDEFED   _system_post_cinit            
00000bad  _system_pre_init              
00000bb1  abort                         
ffffffff  binit                         
00000535  delay                         
00000000  interruptVectors              
00000b4d  main                          
0000096d  memcpy                        


GLOBAL SYMBOLS: SORTED BY Symbol Address 

address   name                          
-------   ----                          
00000000  __TI_static_base__            
00000000  interruptVectors              
000000e5  SystemCoreClockUpdate         
00000200  __STACK_SIZE                  
0000035d  SystemInit                    
00000419  Clock_Init48MHz               
0000052f  Clock_GetFreq                 
00000535  delay                         
00000543  Clock_Delay1us                
0000056d  Clock_Delay1ms                
000005f9  Motor_Init                    
00000681  Move                          
000006a7  Left_Forward                  
000006b3  Left_Backward                 
000006bf  Right_Forward                 
000006cb  Right_Backward                
000006d7  Move_Forward                  
000006f7  Move_Backward                 
00000717  Rotate_Left                   
0000073b  Rotate_Right                  
00000791  TimerA2_Init                  
000007e5  TA2_0_IRQHandler              
000007e5  TA2_0_IRQHandler              
000007f9  PWM_Duty3                     
0000080d  PWM_Duty4                     
00000821  PWM_Init34                    
000008d1  IR_Init                       
0000096d  __aeabi_memcpy                
0000096d  __aeabi_memcpy4               
0000096d  __aeabi_memcpy8               
0000096d  memcpy                        
00000a09  __TI_decompress_lzss          
00000a71  Led_Init                      
00000a9b  TurnOn_Led                    
00000ab9  TurnOff_Led                   
00000ad5  __TI_auto_init_nobinit_nopinit
00000b19  _c_int00_noargs               
00000b4d  main                          
00000b75  __TI_zero_init_nomemset       
00000b91  __TI_decompress_none          
00000b9f  Reset_Handler                 
00000bab  ADC14_IRQHandler              
00000bab  AES256_IRQHandler             
00000bab  BusFault_Handler              
00000bab  COMP_E0_IRQHandler            
00000bab  COMP_E1_IRQHandler            
00000bab  CS_IRQHandler                 
00000bab  DMA_ERR_IRQHandler            
00000bab  DMA_INT0_IRQHandler           
00000bab  DMA_INT1_IRQHandler           
00000bab  DMA_INT2_IRQHandler           
00000bab  DMA_INT3_IRQHandler           
00000bab  DebugMon_Handler              
00000bab  Default_Handler               
00000bab  EUSCIA0_IRQHandler            
00000bab  EUSCIA1_IRQHandler            
00000bab  EUSCIA2_IRQHandler            
00000bab  EUSCIA3_IRQHandler            
00000bab  EUSCIB0_IRQHandler            
00000bab  EUSCIB1_IRQHandler            
00000bab  EUSCIB2_IRQHandler            
00000bab  EUSCIB3_IRQHandler            
00000bab  FLCTL_IRQHandler              
00000bab  FPU_IRQHandler                
00000bab  HardFault_Handler             
00000bab  MemManage_Handler             
00000bab  NMI_Handler                   
00000bab  PCM_IRQHandler                
00000bab  PORT1_IRQHandler              
00000bab  PORT2_IRQHandler              
00000bab  PORT3_IRQHandler              
00000bab  PORT4_IRQHandler              
00000bab  PORT5_IRQHandler              
00000bab  PORT6_IRQHandler              
00000bab  PSS_IRQHandler                
00000bab  PendSV_Handler                
00000bab  RTC_C_IRQHandler              
00000bab  SVC_Handler                   
00000bab  SysTick_Handler               
00000bab  T32_INT1_IRQHandler           
00000bab  T32_INT2_IRQHandler           
00000bab  T32_INTC_IRQHandler           
00000bab  TA0_0_IRQHandler              
00000bab  TA0_N_IRQHandler              
00000bab  TA1_0_IRQHandler              
00000bab  TA1_N_IRQHandler              
00000bab  TA2_N_IRQHandler              
00000bab  TA3_0_IRQHandler              
00000bab  TA3_N_IRQHandler              
00000bab  UsageFault_Handler            
00000bab  WDT_A_IRQHandler              
00000bad  _system_pre_init              
00000bb1  C$$EXIT                       
00000bb1  abort                         
00000bc8  __TI_Handler_Table_Base       
00000bd4  __TI_Handler_Table_Limit      
00000be0  __TI_CINIT_Base               
00000bf0  __TI_CINIT_Limit              
20000000  ClockFrequency                
20000000  __start___llvm_prf_cnts       
20000000  __stop___llvm_prf_cnts        
20000004  Prewait                       
20000008  CPMwait                       
2000000c  Postwait                      
20000010  IFlags                        
20000014  Crystalstable                 
20000018  SystemCoreClock               
2000001c  TimerA2Task                   
2000fe00  __stack                       
20010000  __STACK_END                   
4000480c  WDTCTL_SYM                    
ffffffff  __TI_pprof_out_hndl           
ffffffff  __TI_prof_data_size           
ffffffff  __TI_prof_data_start          
ffffffff  __binit__                     
ffffffff  __c_args__                    
ffffffff  binit                         
UNDEFED   __mpu_init                    
UNDEFED   _system_post_cinit            

[119 symbols]
