******************************************************************************
                  TI ARM Linker PC v20.2.7                     
******************************************************************************
>> Linked Thu Jun 12 08:01:22 2025

OUTPUT FILE NAME:   <Week8.out>
ENTRY POINT SYMBOL: "_c_int00_noargs"  address: 00003485


MEMORY CONFIGURATION

         name            origin    length      used     unused   attr    fill
----------------------  --------  ---------  --------  --------  ----  --------
  MAIN                  00000000   00040000  00003889  0003c777  R  X
  INFO                  00200000   00004000  00000000  00004000  R  X
  SRAM_CODE             01000000   00010000  000009d0  0000f630  RW X
  SRAM_DATA             20000000   00010000  000009d0  0000f630  RW  


SEGMENT ALLOCATION MAP

run origin  load origin   length   init length attrs members
----------  ----------- ---------- ----------- ----- -------
00000000    00000000    00003890   00003890    r-x
  00000000    00000000    000000e4   000000e4    r-- .intvecs
  000000e4    000000e4    0000360c   0000360c    r-x .text
  000036f0    000036f0    00000101   00000101    r-- .const
  000037f8    000037f8    00000098   00000098    r-- .cinit
20000000    20000000    000007d0   00000000    rw-
  20000000    20000000    00000400   00000000    rw- .sysmem
  20000400    20000400    00000208   00000000    rw- .data
  20000608    20000608    000001c8   00000000    rw- .bss
2000fe00    2000fe00    00000200   00000000    rw-
  2000fe00    2000fe00    00000200   00000000    rw- .stack


SECTION ALLOCATION MAP

 output                                  attributes/
section   page    origin      length       input sections
--------  ----  ----------  ----------   ----------------
.intvecs   0    00000000    000000e4     
                  00000000    000000e4     startup_msp432p401r_ccs.obj (.intvecs:retain)

.text      0    000000e4    0000360c     
                  000000e4    00000a4e     rtsv7M4_T_le_v4SPD16_eabi.lib : _printfi.c.obj (.text:__TI_printfi)
                  00000b32    00000002                                   : _lock.c.obj (.text:_nop)
                  00000b34    00000334     system_msp432p401r.obj (.text)
                  00000e68    00000270     rtsv7M4_T_le_v4SPD16_eabi.lib : _printfi.c.obj (.text:_pconv_a)
                  000010d8    000001e0     Clock.obj (.text)
                  000012b8    000001d0     rtsv7M4_T_le_v4SPD16_eabi.lib : _printfi.c.obj (.text:_pconv_g)
                  00001488    000001c0     Motor.obj (.text)
                  00001648    000001b6     rtsv7M4_T_le_v4SPD16_eabi.lib : fd_add_t2.asm.obj (.text)
                  000017fe    00000002                                   : div0.asm.obj (.text)
                  00001800    000001b0     IR.obj (.text)
                  000019b0    0000017c     main.obj (.text)
                  00001b2c    00000140     Timer.obj (.text)
                  00001c6c    0000013c     rtsv7M4_T_le_v4SPD16_eabi.lib : _printfi.c.obj (.text:_pconv_e)
                  00001da8    00000136                                   : fd_div_t2.asm.obj (.text)
                  00001ede    00000002     --HOLE-- [fill = 0]
                  00001ee0    00000124                                   : _printfi.c.obj (.text:fcvt)
                  00002004    00000114                                   : fputs.c.obj (.text:fputs)
                  00002118    00000110                                   : s_scalbn.c.obj (.text:scalbn)
                  00002228    00000100                                   : memory.c.obj (.text:aligned_alloc)
                  00002328    000000fc                                   : fd_mul_t2.asm.obj (.text)
                  00002424    000000e4                                   : memory.c.obj (.text:free)
                  00002508    000000dc                                   : setvbuf.c.obj (.text:setvbuf)
                  000025e4    000000b1                                   : _printfi.c.obj (.text:_ltostr)
                  00002695    00000001     --HOLE-- [fill = 0]
                  00002696    0000009c                                   : memcpy_t2.asm.obj (.text)
                  00002732    00000096                                   : ull_div_t2.asm.obj (.text)
                  000027c8    0000008c                                   : fputc.c.obj (.text:fputc)
                  00002854    00000086                                   : fd_cmp_t2.asm.obj (.text:__aeabi_cdcmple)
                  000028da    00000086                                   : fd_cmp_t2.asm.obj (.text:__aeabi_cdrcmple)
                  00002960    0000007a                                   : memset_t2.asm.obj (.text)
                  000029da    00000002     --HOLE-- [fill = 0]
                  000029dc    00000074                                   : fclose.c.obj (.text:__TI_closefile)
                  00002a50    00000070                                   : memory.c.obj (.text:split)
                  00002ac0    0000006e                                   : _printfi.c.obj (.text:_mcpy)
                  00002b2e    00000002     --HOLE-- [fill = 0]
                  00002b30    0000006c                                   : hostrename.c.obj (.text:HOSTrename)
                  00002b9c    00000068                                   : hostlseek.c.obj (.text:HOSTlseek)
                  00002c04    00000068     Switch.obj (.text)
                  00002c6c    00000068     rtsv7M4_T_le_v4SPD16_eabi.lib : copy_decompress_lzss.c.obj (.text:decompress:lzss:__TI_decompress_lzss)
                  00002cd4    00000068                                   : printf.c.obj (.text:printf)
                  00002d3c    00000064     Led.obj (.text)
                  00002da0    00000064     rtsv7M4_T_le_v4SPD16_eabi.lib : s_frexp.c.obj (.text:frexp)
                  00002e04    00000064                                   : fseek.c.obj (.text:fseek)
                  00002e68    00000062                                   : _io_perm.c.obj (.text:__TI_wrt_ok)
                  00002eca    00000002     --HOLE-- [fill = 0]
                  00002ecc    00000060                                   : hostopen.c.obj (.text:HOSTopen)
                  00002f2c    0000005c                                   : close.c.obj (.text:close)
                  00002f88    00000058                                   : hostread.c.obj (.text:HOSTread)
                  00002fe0    00000058                                   : hostwrite.c.obj (.text:HOSTwrite)
                  00003038    00000056                                   : _printfi.c.obj (.text:_pconv_f)
                  0000308e    00000054                                   : _ltoa.c.obj (.text:__TI_ltoa)
                  000030e2    00000052                                   : _printfi.c.obj (.text:_ecpy)
                  00003134    0000004c                                   : fflush.c.obj (.text:__TI_doflush)
                  00003180    0000004c                                   : atoi.c.obj (.text:atoi)
                  000031cc    00000048                                   : exit.c.obj (.text:exit)
                  00003214    00000048                                   : fd_toi_t2.asm.obj (.text)
                  0000325c    00000044                                   : hostclose.c.obj (.text:HOSTclose)
                  000032a0    00000044                                   : hostunlink.c.obj (.text:HOSTunlink)
                  000032e4    00000044                                   : autoinit.c.obj (.text:__TI_auto_init_nobinit_nopinit:__TI_auto_init_nobinit_nopinit)
                  00003328    00000044                                   : getdevice.c.obj (.text:getdevice)
                  0000336c    0000003e                                   : _printfi.c.obj (.text:_fcpy)
                  000033aa    00000002     --HOLE-- [fill = 0]
                  000033ac    00000038                                   : trgmsg.c.obj (.text:__TI_writemsg)
                  000033e4    00000036                                   : strncpy.c.obj (.text:strncpy)
                  0000341a    00000002     --HOLE-- [fill = 0]
                  0000341c    00000034                                   : fopen.c.obj (.text:__TI_cleanup)
                  00003450    00000034                                   : trgmsg.c.obj (.text:__TI_readmsg)
                  00003484    00000034                                   : boot_cortex_m.c.obj (.text:_c_int00_noargs:_c_int00_noargs)
                  000034b8    00000030                                   : getdevice.c.obj (.text:finddevice)
                  000034e8    0000002e                                   : i_tofd_t2.asm.obj (.text)
                  00003516    00000002     --HOLE-- [fill = 0]
                  00003518    0000002c                                   : unlink.c.obj (.text:unlink)
                  00003544    00000028                                   : memory.c.obj (.text:free_list_insert)
                  0000356c    00000028                                   : lseek.c.obj (.text:lseek)
                  00003594    00000028                                   : write.c.obj (.text:write)
                  000035bc    00000020                                   : memchr.c.obj (.text:memchr)
                  000035dc    0000001c                                   : copy_zero_init.c.obj (.text:decompress:ZI:__TI_zero_init_nomemset:__TI_zero_init_nomemset)
                  000035f8    0000001c                                   : memory.c.obj (.text:free_list_remove)
                  00003614    0000001c                                   : memccpy.c.obj (.text:memccpy)
                  00003630    0000001a                                   : s_copysign.c.obj (.text:copysign)
                  0000364a    00000018                                   : strcmp.c.obj (.text:strcmp)
                  00003662    00000016                                   : strchr.c.obj (.text:strchr)
                  00003678    00000014                                   : strcpy.c.obj (.text:strcpy)
                  0000368c    00000014                                   : strlen.c.obj (.text:strlen)
                  000036a0    00000012                                   : wcslen.c.obj (.text:wcslen)
                  000036b2    0000000e                                   : copy_decompress_none.c.obj (.text:decompress:none:__TI_decompress_none)
                  000036c0    0000000e     startup_msp432p401r_ccs.obj (.text)
                  000036ce    00000002     --HOLE-- [fill = 0]
                  000036d0    00000008     rtsv7M4_T_le_v4SPD16_eabi.lib : errno.c.obj (.text:__aeabi_errno_addr)
                  000036d8    00000008                                   : memory.c.obj (.text:malloc)
                  000036e0    00000004                                   : printf.c.obj (.text:_outc)
                  000036e4    00000004                                   : printf.c.obj (.text:_outs)
                  000036e8    00000004                                   : pre_init.c.obj (.text:_system_pre_init)
                  000036ec    00000004                                   : exit.c.obj (.text:abort:abort)

.const     0    000036f0    00000101     
                  000036f0    00000101     rtsv7M4_T_le_v4SPD16_eabi.lib : ctype.c.obj (.const:.string:_ctypes_)

.cinit     0    000037f8    00000098     
                  000037f8    00000070     (.cinit..data.load) [load image, compression = lzss]
                  00003868    0000000c     (__TI_handler_table)
                  00003874    00000004     --HOLE-- [fill = 0]
                  00003878    00000008     (.cinit..bss.load) [load image, compression = zero_init]
                  00003880    00000010     (__TI_cinit_table)

.init_array 
*          0    00000000    00000000     UNINITIALIZED

.binit     0    00000000    00000000     

.sysmem    0    20000000    00000400     UNINITIALIZED
                  20000000    00000010     rtsv7M4_T_le_v4SPD16_eabi.lib : memory.c.obj (.sysmem)
                  20000010    000003f0     --HOLE--

.data      0    20000400    00000208     UNINITIALIZED
                  20000400    000000f0     rtsv7M4_T_le_v4SPD16_eabi.lib : defs.c.obj (.data:_ftable)
                  200004f0    00000078                                   : host_device.c.obj (.data:_device)
                  20000568    00000050                                   : host_device.c.obj (.data:_stream)
                  200005b8    00000018     Clock.obj (.data)
                  200005d0    00000010     rtsv7M4_T_le_v4SPD16_eabi.lib : defs.c.obj (.data)
                  200005e0    0000000c                                   : exit.c.obj (.data:$O1$$)
                  200005ec    00000008                                   : _lock.c.obj (.data:$O1$$)
                  200005f4    00000008                                   : memory.c.obj (.data:$O1$$)
                  200005fc    00000004     Timer.obj (.data)
                  20000600    00000004     rtsv7M4_T_le_v4SPD16_eabi.lib : errno.c.obj (.data)
                  20000604    00000004     system_msp432p401r.obj (.data)

.bss       0    20000608    000001c8     UNINITIALIZED
                  20000608    00000120     rtsv7M4_T_le_v4SPD16_eabi.lib : trgmsg.c.obj (.bss:_CIOBUF_)
                  20000728    000000a0     (.common:__TI_tmpnams)
                  200007c8    00000008     (.common:parmbuf)

.stack     0    2000fe00    00000200     UNINITIALIZED
                  2000fe00    00000004     rtsv7M4_T_le_v4SPD16_eabi.lib : boot_cortex_m.c.obj (.stack)
                  2000fe04    000001fc     --HOLE--

__llvm_prf_cnts 
*          0    20000000    00000000     UNINITIALIZED

MODULE SUMMARY

       Module                        code    ro data   rw data
       ------                        ----    -------   -------
    .\
       system_msp432p401r.obj        820     0         8      
       main.obj                      380     0         0      
       startup_msp432p401r_ccs.obj   14      228       0      
    +--+-----------------------------+-------+---------+---------+
       Total:                        1214    228       8      
                                                              
    .\Helpers\
       Clock.obj                     480     0         48     
       Motor.obj                     448     0         0      
       IR.obj                        432     0         0      
       Timer.obj                     320     0         8      
       Switch.obj                    104     0         0      
       Led.obj                       100     0         0      
    +--+-----------------------------+-------+---------+---------+
       Total:                        1884    0         56     
                                                              
    C:\ti\ccs1270\ccs\tools\compiler\ti-cgt-arm_20.2.7.LTS\lib\rtsv7M4_T_le_v4SPD16_eabi.lib
       _printfi.c.obj                4851    0         0      
       defs.c.obj                    0       0         832    
       memory.c.obj                  672     0         16     
       trgmsg.c.obj                  108     0         576    
       fd_add_t2.asm.obj             438     0         0      
       host_device.c.obj             0       0         400    
       fd_div_t2.asm.obj             310     0         0      
       fputs.c.obj                   276     0         0      
       s_scalbn.c.obj                272     0         0      
       fd_cmp_t2.asm.obj             268     0         0      
       ctype.c.obj                   0       257       0      
       fd_mul_t2.asm.obj             252     0         0      
       setvbuf.c.obj                 220     0         0      
       memcpy_t2.asm.obj             156     0         0      
       ull_div_t2.asm.obj            150     0         0      
       fputc.c.obj                   140     0         0      
       memset_t2.asm.obj             122     0         0      
       fclose.c.obj                  116     0         0      
       getdevice.c.obj               116     0         0      
       hostopen.c.obj                96      0         16     
       printf.c.obj                  112     0         0      
       hostrename.c.obj              108     0         0      
       copy_decompress_lzss.c.obj    104     0         0      
       hostlseek.c.obj               104     0         0      
       exit.c.obj                    76      0         24     
       fseek.c.obj                   100     0         0      
       s_frexp.c.obj                 100     0         0      
       _io_perm.c.obj                98      0         0      
       close.c.obj                   92      0         0      
       hostread.c.obj                88      0         0      
       hostwrite.c.obj               88      0         0      
       _ltoa.c.obj                   84      0         0      
       atoi.c.obj                    76      0         0      
       fflush.c.obj                  76      0         0      
       fd_toi_t2.asm.obj             72      0         0      
       autoinit.c.obj                68      0         0      
       hostclose.c.obj               68      0         0      
       hostunlink.c.obj              68      0         0      
       strncpy.c.obj                 54      0         0      
       boot_cortex_m.c.obj           52      0         0      
       fopen.c.obj                   52      0         0      
       i_tofd_t2.asm.obj             46      0         0      
       unlink.c.obj                  44      0         0      
       lseek.c.obj                   40      0         0      
       write.c.obj                   40      0         0      
       memchr.c.obj                  32      0         0      
       copy_zero_init.c.obj          28      0         0      
       memccpy.c.obj                 28      0         0      
       s_copysign.c.obj              26      0         0      
       strcmp.c.obj                  24      0         0      
       strchr.c.obj                  22      0         0      
       strcpy.c.obj                  20      0         0      
       strlen.c.obj                  20      0         0      
       _lock.c.obj                   2       0         16     
       wcslen.c.obj                  18      0         0      
       errno.c.obj                   8       0         8      
       copy_decompress_none.c.obj    14      0         0      
       pre_init.c.obj                4       0         0      
       div0.asm.obj                  2       0         0      
    +--+-----------------------------+-------+---------+---------+
       Total:                        10721   257       1888   
                                                              
       Heap:                         0       0         2048   
       Stack:                        0       0         1024   
       Linker Generated:             0       148       0      
    +--+-----------------------------+-------+---------+---------+
       Grand Total:                  13819   633       5024   


LINKER GENERATED COPY TABLES

__TI_cinit_table @ 00003880 records: 2, size/record: 8, table size: 16
	.data: load addr=000037f8, load size=00000070 bytes, run addr=20000400, run size=00000208 bytes, compression=lzss
	.bss: load addr=00003878, load size=00000008 bytes, run addr=20000608, run size=000001c8 bytes, compression=zero_init


LINKER GENERATED HANDLER TABLE

__TI_handler_table @ 00003868 records: 3, size/record: 4, table size: 12
	index: 0, handler: __TI_decompress_lzss
	index: 1, handler: __TI_decompress_none
	index: 2, handler: __TI_zero_init


GLOBAL SYMBOLS: SORTED ALPHABETICALLY BY Name 

address   name                           
-------   ----                           
000036cd  ADC14_IRQHandler               
000036cd  AES256_IRQHandler              
000036cd  BusFault_Handler               
000036ed  C$$EXIT                        
000033db  C$$IO$$                        
000036cd  COMP_E0_IRQHandler             
000036cd  COMP_E1_IRQHandler             
200005c0  CPMwait                        
000036cd  CS_IRQHandler                  
200005b8  ClockFrequency                 
0000122d  Clock_Delay1ms                 
00001203  Clock_Delay1us                 
000011ef  Clock_GetFreq                  
000010d9  Clock_Init48MHz                
200005cc  Crystalstable                  
000036cd  DMA_ERR_IRQHandler             
000036cd  DMA_INT0_IRQHandler            
000036cd  DMA_INT1_IRQHandler            
000036cd  DMA_INT2_IRQHandler            
000036cd  DMA_INT3_IRQHandler            
000036cd  DebugMon_Handler               
000036cd  Default_Handler                
000019b1  Detect_NodeType                
000036cd  EUSCIA0_IRQHandler             
000036cd  EUSCIA1_IRQHandler             
000036cd  EUSCIA2_IRQHandler             
000036cd  EUSCIA3_IRQHandler             
000036cd  EUSCIB0_IRQHandler             
000036cd  EUSCIB1_IRQHandler             
000036cd  EUSCIB2_IRQHandler             
000036cd  EUSCIB3_IRQHandler             
000036cd  FLCTL_IRQHandler               
000036cd  FPU_IRQHandler                 
0000325d  HOSTclose                      
00002b9d  HOSTlseek                      
00002ecd  HOSTopen                       
00002f89  HOSTread                       
00002b31  HOSTrename                     
000032a1  HOSTunlink                     
00002fe1  HOSTwrite                      
000036cd  HardFault_Handler              
200005c8  IFlags                         
00001801  IR_Init                        
00002d3d  Led_Init                       
00001543  Left_Backward                  
00001537  Left_Forward                   
00001a67  Maze_Navigate                  
000036cd  MemManage_Handler              
00001489  Motor_Init                     
000015ff  Motor_Stop                     
00001511  Move                           
0000158b  Move_Backward                  
00001567  Move_Forward                   
000036cd  NMI_Handler                    
00001899  Off_IR_Emitter                 
00001871  On_IR_Emitter                  
000036cd  PCM_IRQHandler                 
000036cd  PORT1_IRQHandler               
000036cd  PORT2_IRQHandler               
000036cd  PORT3_IRQHandler               
000036cd  PORT4_IRQHandler               
000036cd  PORT5_IRQHandler               
000036cd  PORT6_IRQHandler               
000036cd  PSS_IRQHandler                 
00001b95  PWM_Duty3                      
00001ba9  PWM_Duty4                      
00001bbd  PWM_Init34                     
000036cd  PendSV_Handler                 
200005c4  Postwait                       
200005bc  Prewait                        
00001927  Print_IR_Sensor                
000036cd  RTC_C_IRQHandler               
000018c1  Read_IR_Sensor                 
00002c39  Read_Switch1                   
00002c47  Read_Switch2                   
000036c1  Reset_Handler                  
0000155b  Right_Backward                 
0000154f  Right_Forward                  
000015af  Rotate_Left                    
000015d7  Rotate_Right                   
000036cd  SVC_Handler                    
00002c05  Switch_Init                    
000036cd  SysTick_Handler                
20000604  SystemCoreClock                
00000b35  SystemCoreClockUpdate          
00000dad  SystemInit                     
000036cd  T32_INT1_IRQHandler            
000036cd  T32_INT2_IRQHandler            
000036cd  T32_INTC_IRQHandler            
000036cd  TA0_0_IRQHandler               
000036cd  TA0_N_IRQHandler               
000036cd  TA1_0_IRQHandler               
000036cd  TA1_N_IRQHandler               
00001b81  TA2_0_IRQHandler               
00001b81  TA2_0_IRQHandler               
000036cd  TA2_N_IRQHandler               
000036cd  TA3_0_IRQHandler               
000036cd  TA3_N_IRQHandler               
200005fc  TimerA2Task                    
00001b2d  TimerA2_Init                   
00002d85  TurnOff_Led                    
00002d67  TurnOn_Led                     
000036cd  UsageFault_Handler             
4000480c  WDTCTL_SYM                     
000036cd  WDT_A_IRQHandler               
20000608  __CIOBUF_                      
20010000  __STACK_END                    
00000200  __STACK_SIZE                   
00000400  __SYSMEM_SIZE                  
00003880  __TI_CINIT_Base                
00003890  __TI_CINIT_Limit               
00003868  __TI_Handler_Table_Base        
00003874  __TI_Handler_Table_Limit       
000032e5  __TI_auto_init_nobinit_nopinit 
0000341d  __TI_cleanup                   
200005e0  __TI_cleanup_ptr               
000029dd  __TI_closefile                 
00002c6d  __TI_decompress_lzss           
000036b3  __TI_decompress_none           
00003135  __TI_doflush                   
200005e4  __TI_dtors_ptr                 
200005e8  __TI_enable_exit_profile_output
200005d0  __TI_ft_end                    
0000308f  __TI_ltoa                      
ffffffff  __TI_pprof_out_hndl            
000000e5  __TI_printfi                   
ffffffff  __TI_prof_data_size            
ffffffff  __TI_prof_data_start           
00003451  __TI_readmsg                   
00000000  __TI_static_base__             
20000728  __TI_tmpnams                   
000033ad  __TI_writemsg                  
00002e69  __TI_wrt_ok                    
000035dd  __TI_zero_init_nomemset        
00002855  __aeabi_cdcmpeq                
00002855  __aeabi_cdcmple                
000028db  __aeabi_cdrcmple               
00003215  __aeabi_d2iz                   
00001653  __aeabi_dadd                   
00001da9  __aeabi_ddiv                   
00002329  __aeabi_dmul                   
00001649  __aeabi_dsub                   
000036d1  __aeabi_errno_addr             
000034e9  __aeabi_i2d                    
000017ff  __aeabi_idiv0                  
000017ff  __aeabi_ldiv0                  
00002961  __aeabi_memclr                 
00002961  __aeabi_memclr4                
00002961  __aeabi_memclr8                
00002697  __aeabi_memcpy                 
00002697  __aeabi_memcpy4                
00002697  __aeabi_memcpy8                
00002963  __aeabi_memset                 
00002963  __aeabi_memset4                
00002963  __aeabi_memset8                
200005dc  __aeabi_stderr                 
200005d4  __aeabi_stdin                  
200005d8  __aeabi_stdout                 
00002733  __aeabi_uldivmod               
ffffffff  __binit__                      
ffffffff  __c_args__                     
UNDEFED   __mpu_init                     
2000fe00  __stack                        
20000000  __start___llvm_prf_cnts        
20000000  __stop___llvm_prf_cnts         
00003485  _c_int00_noargs                
000036f0  _ctypes_                       
200004f0  _device                        
20000400  _ftable                        
200005ec  _lock                          
00000b33  _nop                           
20000568  _stream                        
20000000  _sys_memory                    
UNDEFED   _system_post_cinit             
000036e9  _system_pre_init               
200005f0  _unlock                        
000036ed  abort                          
00002229  aligned_alloc                  
00003181  atoi                           
ffffffff  binit                          
00002f2d  close                          
00003631  copysign                       
00003631  copysignl                      
000011f5  delay                          
20000600  errno                          
000031cd  exit                           
000034b9  finddevice                     
000027c9  fputc                          
00002005  fputs                          
00002425  free                           
00002da1  frexp                          
00002da1  frexpl                         
00002e05  fseek                          
00003329  getdevice                      
00000000  interruptVectors               
00002119  ldexp                          
00002119  ldexpl                         
0000356d  lseek                          
00001afd  main                           
000036d9  malloc                         
00002229  memalign                       
00003615  memccpy                        
000035bd  memchr                         
00002697  memcpy                         
00002969  memset                         
200007c8  parmbuf                        
00002cd5  printf                         
000027c9  putc                           
00003519  remove                         
00002119  scalbn                         
00002119  scalbnl                        
00002509  setvbuf                        
00003663  strchr                         
0000364b  strcmp                         
00003679  strcpy                         
0000368d  strlen                         
000033e5  strncpy                        
00001ad9  task                           
00003519  unlink                         
000036a1  wcslen                         
00003595  write                          


GLOBAL SYMBOLS: SORTED BY Symbol Address 

address   name                           
-------   ----                           
00000000  __TI_static_base__             
00000000  interruptVectors               
000000e5  __TI_printfi                   
00000200  __STACK_SIZE                   
00000400  __SYSMEM_SIZE                  
00000b33  _nop                           
00000b35  SystemCoreClockUpdate          
00000dad  SystemInit                     
000010d9  Clock_Init48MHz                
000011ef  Clock_GetFreq                  
000011f5  delay                          
00001203  Clock_Delay1us                 
0000122d  Clock_Delay1ms                 
00001489  Motor_Init                     
00001511  Move                           
00001537  Left_Forward                   
00001543  Left_Backward                  
0000154f  Right_Forward                  
0000155b  Right_Backward                 
00001567  Move_Forward                   
0000158b  Move_Backward                  
000015af  Rotate_Left                    
000015d7  Rotate_Right                   
000015ff  Motor_Stop                     
00001649  __aeabi_dsub                   
00001653  __aeabi_dadd                   
000017ff  __aeabi_idiv0                  
000017ff  __aeabi_ldiv0                  
00001801  IR_Init                        
00001871  On_IR_Emitter                  
00001899  Off_IR_Emitter                 
000018c1  Read_IR_Sensor                 
00001927  Print_IR_Sensor                
000019b1  Detect_NodeType                
00001a67  Maze_Navigate                  
00001ad9  task                           
00001afd  main                           
00001b2d  TimerA2_Init                   
00001b81  TA2_0_IRQHandler               
00001b81  TA2_0_IRQHandler               
00001b95  PWM_Duty3                      
00001ba9  PWM_Duty4                      
00001bbd  PWM_Init34                     
00001da9  __aeabi_ddiv                   
00002005  fputs                          
00002119  ldexp                          
00002119  ldexpl                         
00002119  scalbn                         
00002119  scalbnl                        
00002229  aligned_alloc                  
00002229  memalign                       
00002329  __aeabi_dmul                   
00002425  free                           
00002509  setvbuf                        
00002697  __aeabi_memcpy                 
00002697  __aeabi_memcpy4                
00002697  __aeabi_memcpy8                
00002697  memcpy                         
00002733  __aeabi_uldivmod               
000027c9  fputc                          
000027c9  putc                           
00002855  __aeabi_cdcmpeq                
00002855  __aeabi_cdcmple                
000028db  __aeabi_cdrcmple               
00002961  __aeabi_memclr                 
00002961  __aeabi_memclr4                
00002961  __aeabi_memclr8                
00002963  __aeabi_memset                 
00002963  __aeabi_memset4                
00002963  __aeabi_memset8                
00002969  memset                         
000029dd  __TI_closefile                 
00002b31  HOSTrename                     
00002b9d  HOSTlseek                      
00002c05  Switch_Init                    
00002c39  Read_Switch1                   
00002c47  Read_Switch2                   
00002c6d  __TI_decompress_lzss           
00002cd5  printf                         
00002d3d  Led_Init                       
00002d67  TurnOn_Led                     
00002d85  TurnOff_Led                    
00002da1  frexp                          
00002da1  frexpl                         
00002e05  fseek                          
00002e69  __TI_wrt_ok                    
00002ecd  HOSTopen                       
00002f2d  close                          
00002f89  HOSTread                       
00002fe1  HOSTwrite                      
0000308f  __TI_ltoa                      
00003135  __TI_doflush                   
00003181  atoi                           
000031cd  exit                           
00003215  __aeabi_d2iz                   
0000325d  HOSTclose                      
000032a1  HOSTunlink                     
000032e5  __TI_auto_init_nobinit_nopinit 
00003329  getdevice                      
000033ad  __TI_writemsg                  
000033db  C$$IO$$                        
000033e5  strncpy                        
0000341d  __TI_cleanup                   
00003451  __TI_readmsg                   
00003485  _c_int00_noargs                
000034b9  finddevice                     
000034e9  __aeabi_i2d                    
00003519  remove                         
00003519  unlink                         
0000356d  lseek                          
00003595  write                          
000035bd  memchr                         
000035dd  __TI_zero_init_nomemset        
00003615  memccpy                        
00003631  copysign                       
00003631  copysignl                      
0000364b  strcmp                         
00003663  strchr                         
00003679  strcpy                         
0000368d  strlen                         
000036a1  wcslen                         
000036b3  __TI_decompress_none           
000036c1  Reset_Handler                  
000036cd  ADC14_IRQHandler               
000036cd  AES256_IRQHandler              
000036cd  BusFault_Handler               
000036cd  COMP_E0_IRQHandler             
000036cd  COMP_E1_IRQHandler             
000036cd  CS_IRQHandler                  
000036cd  DMA_ERR_IRQHandler             
000036cd  DMA_INT0_IRQHandler            
000036cd  DMA_INT1_IRQHandler            
000036cd  DMA_INT2_IRQHandler            
000036cd  DMA_INT3_IRQHandler            
000036cd  DebugMon_Handler               
000036cd  Default_Handler                
000036cd  EUSCIA0_IRQHandler             
000036cd  EUSCIA1_IRQHandler             
000036cd  EUSCIA2_IRQHandler             
000036cd  EUSCIA3_IRQHandler             
000036cd  EUSCIB0_IRQHandler             
000036cd  EUSCIB1_IRQHandler             
000036cd  EUSCIB2_IRQHandler             
000036cd  EUSCIB3_IRQHandler             
000036cd  FLCTL_IRQHandler               
000036cd  FPU_IRQHandler                 
000036cd  HardFault_Handler              
000036cd  MemManage_Handler              
000036cd  NMI_Handler                    
000036cd  PCM_IRQHandler                 
000036cd  PORT1_IRQHandler               
000036cd  PORT2_IRQHandler               
000036cd  PORT3_IRQHandler               
000036cd  PORT4_IRQHandler               
000036cd  PORT5_IRQHandler               
000036cd  PORT6_IRQHandler               
000036cd  PSS_IRQHandler                 
000036cd  PendSV_Handler                 
000036cd  RTC_C_IRQHandler               
000036cd  SVC_Handler                    
000036cd  SysTick_Handler                
000036cd  T32_INT1_IRQHandler            
000036cd  T32_INT2_IRQHandler            
000036cd  T32_INTC_IRQHandler            
000036cd  TA0_0_IRQHandler               
000036cd  TA0_N_IRQHandler               
000036cd  TA1_0_IRQHandler               
000036cd  TA1_N_IRQHandler               
000036cd  TA2_N_IRQHandler               
000036cd  TA3_0_IRQHandler               
000036cd  TA3_N_IRQHandler               
000036cd  UsageFault_Handler             
000036cd  WDT_A_IRQHandler               
000036d1  __aeabi_errno_addr             
000036d9  malloc                         
000036e9  _system_pre_init               
000036ed  C$$EXIT                        
000036ed  abort                          
000036f0  _ctypes_                       
00003868  __TI_Handler_Table_Base        
00003874  __TI_Handler_Table_Limit       
00003880  __TI_CINIT_Base                
00003890  __TI_CINIT_Limit               
20000000  __start___llvm_prf_cnts        
20000000  __stop___llvm_prf_cnts         
20000000  _sys_memory                    
20000400  _ftable                        
200004f0  _device                        
20000568  _stream                        
200005b8  ClockFrequency                 
200005bc  Prewait                        
200005c0  CPMwait                        
200005c4  Postwait                       
200005c8  IFlags                         
200005cc  Crystalstable                  
200005d0  __TI_ft_end                    
200005d4  __aeabi_stdin                  
200005d8  __aeabi_stdout                 
200005dc  __aeabi_stderr                 
200005e0  __TI_cleanup_ptr               
200005e4  __TI_dtors_ptr                 
200005e8  __TI_enable_exit_profile_output
200005ec  _lock                          
200005f0  _unlock                        
200005fc  TimerA2Task                    
20000600  errno                          
20000604  SystemCoreClock                
20000608  __CIOBUF_                      
20000728  __TI_tmpnams                   
200007c8  parmbuf                        
2000fe00  __stack                        
20010000  __STACK_END                    
4000480c  WDTCTL_SYM                     
ffffffff  __TI_pprof_out_hndl            
ffffffff  __TI_prof_data_size            
ffffffff  __TI_prof_data_start           
ffffffff  __binit__                      
ffffffff  __c_args__                     
ffffffff  binit                          
UNDEFED   __mpu_init                     
UNDEFED   _system_post_cinit             

[221 symbols]
